<?xml version="1.0" encoding="UTF-8"?>
<dataset>
    <Tag tag_id="1" tag_name="TestTag"/>
</dataset>