<?xml version="1.0" encoding="UTF-8"?>
<dataset>
    <Users user_id="1" user_name="Yauhen Chaichyts" login="test" password="test"/>
</dataset>