<?xml version="1.0" encoding="UTF-8"?>
<dataset>
    <Author author_id="1" author_name="Author" expired="2026-06-07 03:14:07"/>

    <News news_id="2" title="title" short_text="short text" full_text="full text"
          creation_date="2016-06-07 03:14:07" modification_date="2016-06-07 03:14:07"/>
</dataset>